<?xml version="1.0" encoding="ISO-8859-1" ?>
<link_info>
   <banner>TI ARM Linker PC v18.12.1.LTS</banner>
   <copyright>Copyright (c) 1996-2018 Texas Instruments Incorporated</copyright>
   <link_time>0x5e5ccd77</link_time>
   <link_errors>0x0</link_errors>
   <output_file>dig_pid_control.out</output_file>
   <entry_point>
      <name>_c_int00_noargs</name>
      <address>0x15a5</address>
   </entry_point>
   <input_file_list>
      <input_file id="fl-2">
         <path>.\</path>
         <kind>object</kind>
         <file>main.obj</file>
         <name>main.obj</name>
      </input_file>
      <input_file id="fl-3">
         <path>.\</path>
         <kind>object</kind>
         <file>set_adc.obj</file>
         <name>set_adc.obj</name>
      </input_file>
      <input_file id="fl-4">
         <path>.\</path>
         <kind>object</kind>
         <file>set_pwm.obj</file>
         <name>set_pwm.obj</name>
      </input_file>
      <input_file id="fl-5">
         <path>.\</path>
         <kind>object</kind>
         <file>set_qei.obj</file>
         <name>set_qei.obj</name>
      </input_file>
      <input_file id="fl-6">
         <path>.\</path>
         <kind>object</kind>
         <file>set_uart.obj</file>
         <name>set_uart.obj</name>
      </input_file>
      <input_file id="fl-7">
         <path>.\</path>
         <kind>object</kind>
         <file>tm4c123gh6pm_startup_ccs.obj</file>
         <name>tm4c123gh6pm_startup_ccs.obj</name>
      </input_file>
      <input_file id="fl-8">
         <path>.\</path>
         <kind>object</kind>
         <file>uartstdio.obj</file>
         <name>uartstdio.obj</name>
      </input_file>
      <input_file id="fl-d">
         <kind>object</kind>
         <file>&lt;internal&gt;</file>
         <name>&lt;internal&gt;</name>
      </input_file>
      <input_file id="fl-e">
         <path>C:\ti\TivaWare_C_Series-2.1.4.178\driverlib\ccs\Debug\</path>
         <kind>archive</kind>
         <file>driverlib.lib</file>
         <name>adc.obj</name>
      </input_file>
      <input_file id="fl-f">
         <path>C:\ti\TivaWare_C_Series-2.1.4.178\driverlib\ccs\Debug\</path>
         <kind>archive</kind>
         <file>driverlib.lib</file>
         <name>gpio.obj</name>
      </input_file>
      <input_file id="fl-10">
         <path>C:\ti\TivaWare_C_Series-2.1.4.178\driverlib\ccs\Debug\</path>
         <kind>archive</kind>
         <file>driverlib.lib</file>
         <name>interrupt.obj</name>
      </input_file>
      <input_file id="fl-11">
         <path>C:\ti\TivaWare_C_Series-2.1.4.178\driverlib\ccs\Debug\</path>
         <kind>archive</kind>
         <file>driverlib.lib</file>
         <name>pwm.obj</name>
      </input_file>
      <input_file id="fl-12">
         <path>C:\ti\TivaWare_C_Series-2.1.4.178\driverlib\ccs\Debug\</path>
         <kind>archive</kind>
         <file>driverlib.lib</file>
         <name>qei.obj</name>
      </input_file>
      <input_file id="fl-13">
         <path>C:\ti\TivaWare_C_Series-2.1.4.178\driverlib\ccs\Debug\</path>
         <kind>archive</kind>
         <file>driverlib.lib</file>
         <name>sysctl.obj</name>
      </input_file>
      <input_file id="fl-14">
         <path>C:\ti\TivaWare_C_Series-2.1.4.178\driverlib\ccs\Debug\</path>
         <kind>archive</kind>
         <file>driverlib.lib</file>
         <name>timer.obj</name>
      </input_file>
      <input_file id="fl-15">
         <path>C:\ti\TivaWare_C_Series-2.1.4.178\driverlib\ccs\Debug\</path>
         <kind>archive</kind>
         <file>driverlib.lib</file>
         <name>uart.obj</name>
      </input_file>
      <input_file id="fl-16">
         <path>C:\ti\TivaWare_C_Series-2.1.4.178\driverlib\ccs\Debug\</path>
         <kind>archive</kind>
         <file>driverlib.lib</file>
         <name>cpu.obj</name>
      </input_file>
      <input_file id="fl-cc">
         <path>C:\ti\ccs901\ccs\tools\compiler\ti-cgt-arm_18.12.1.LTS\lib\</path>
         <kind>archive</kind>
         <file>rtsv7M4_T_le_v4SPD16_eabi.lib</file>
         <name>fd_div_t2.asm.obj</name>
      </input_file>
      <input_file id="fl-cd">
         <path>C:\ti\ccs901\ccs\tools\compiler\ti-cgt-arm_18.12.1.LTS\lib\</path>
         <kind>archive</kind>
         <file>rtsv7M4_T_le_v4SPD16_eabi.lib</file>
         <name>fd_mul_t2.asm.obj</name>
      </input_file>
      <input_file id="fl-ce">
         <path>C:\ti\ccs901\ccs\tools\compiler\ti-cgt-arm_18.12.1.LTS\lib\</path>
         <kind>archive</kind>
         <file>rtsv7M4_T_le_v4SPD16_eabi.lib</file>
         <name>fd_tou_t2.asm.obj</name>
      </input_file>
      <input_file id="fl-cf">
         <path>C:\ti\ccs901\ccs\tools\compiler\ti-cgt-arm_18.12.1.LTS\lib\</path>
         <kind>archive</kind>
         <file>rtsv7M4_T_le_v4SPD16_eabi.lib</file>
         <name>fs_tod_t2.asm.obj</name>
      </input_file>
      <input_file id="fl-d0">
         <path>C:\ti\ccs901\ccs\tools\compiler\ti-cgt-arm_18.12.1.LTS\lib\</path>
         <kind>archive</kind>
         <file>rtsv7M4_T_le_v4SPD16_eabi.lib</file>
         <name>u_divt2.asm.obj</name>
      </input_file>
      <input_file id="fl-d1">
         <path>C:\ti\ccs901\ccs\tools\compiler\ti-cgt-arm_18.12.1.LTS\lib\</path>
         <kind>archive</kind>
         <file>rtsv7M4_T_le_v4SPD16_eabi.lib</file>
         <name>copy_zero_init.c.obj</name>
      </input_file>
      <input_file id="fl-d2">
         <path>C:\ti\ccs901\ccs\tools\compiler\ti-cgt-arm_18.12.1.LTS\lib\</path>
         <kind>archive</kind>
         <file>rtsv7M4_T_le_v4SPD16_eabi.lib</file>
         <name>copy_decompress_none.c.obj</name>
      </input_file>
      <input_file id="fl-d3">
         <path>C:\ti\ccs901\ccs\tools\compiler\ti-cgt-arm_18.12.1.LTS\lib\</path>
         <kind>archive</kind>
         <file>rtsv7M4_T_le_v4SPD16_eabi.lib</file>
         <name>copy_decompress_lzss.c.obj</name>
      </input_file>
      <input_file id="fl-d4">
         <path>C:\ti\ccs901\ccs\tools\compiler\ti-cgt-arm_18.12.1.LTS\lib\</path>
         <kind>archive</kind>
         <file>rtsv7M4_T_le_v4SPD16_eabi.lib</file>
         <name>boot_cortex_m.c.obj</name>
      </input_file>
      <input_file id="fl-d5">
         <path>C:\ti\ccs901\ccs\tools\compiler\ti-cgt-arm_18.12.1.LTS\lib\</path>
         <kind>archive</kind>
         <file>rtsv7M4_T_le_v4SPD16_eabi.lib</file>
         <name>div0.asm.obj</name>
      </input_file>
      <input_file id="fl-d6">
         <path>C:\ti\ccs901\ccs\tools\compiler\ti-cgt-arm_18.12.1.LTS\lib\</path>
         <kind>archive</kind>
         <file>rtsv7M4_T_le_v4SPD16_eabi.lib</file>
         <name>memcpy_t2.asm.obj</name>
      </input_file>
      <input_file id="fl-d7">
         <path>C:\ti\ccs901\ccs\tools\compiler\ti-cgt-arm_18.12.1.LTS\lib\</path>
         <kind>archive</kind>
         <file>rtsv7M4_T_le_v4SPD16_eabi.lib</file>
         <name>memset_t2.asm.obj</name>
      </input_file>
      <input_file id="fl-d8">
         <path>C:\ti\ccs901\ccs\tools\compiler\ti-cgt-arm_18.12.1.LTS\lib\</path>
         <kind>archive</kind>
         <file>rtsv7M4_T_le_v4SPD16_eabi.lib</file>
         <name>autoinit.c.obj</name>
      </input_file>
      <input_file id="fl-d9">
         <path>C:\ti\ccs901\ccs\tools\compiler\ti-cgt-arm_18.12.1.LTS\lib\</path>
         <kind>archive</kind>
         <file>rtsv7M4_T_le_v4SPD16_eabi.lib</file>
         <name>pre_init.c.obj</name>
      </input_file>
      <input_file id="fl-da">
         <path>C:\ti\ccs901\ccs\tools\compiler\ti-cgt-arm_18.12.1.LTS\lib\</path>
         <kind>archive</kind>
         <file>rtsv7M4_T_le_v4SPD16_eabi.lib</file>
         <name>cpy_tbl.c.obj</name>
      </input_file>
      <input_file id="fl-db">
         <path>C:\ti\ccs901\ccs\tools\compiler\ti-cgt-arm_18.12.1.LTS\lib\</path>
         <kind>archive</kind>
         <file>rtsv7M4_T_le_v4SPD16_eabi.lib</file>
         <name>exit.c.obj</name>
      </input_file>
      <input_file id="fl-dc">
         <path>C:\ti\ccs901\ccs\tools\compiler\ti-cgt-arm_18.12.1.LTS\lib\</path>
         <kind>archive</kind>
         <file>rtsv7M4_T_le_v4SPD16_eabi.lib</file>
         <name>_lock.c.obj</name>
      </input_file>
      <input_file id="fl-dd">
         <path>C:\ti\ccs901\ccs\tools\compiler\ti-cgt-arm_18.12.1.LTS\lib\</path>
         <kind>archive</kind>
         <file>rtsv7M4_T_le_v4SPD16_eabi.lib</file>
         <name>args_main.c.obj</name>
      </input_file>
   </input_file_list>
   <object_component_list>
      <object_component id="oc-f">
         <name>.intvecs</name>
         <load_address>0x0</load_address>
         <run_address>0x0</run_address>
         <size>0x26c</size>
         <input_file_ref idref="fl-7"/>
      </object_component>
      <object_component id="oc-134">
         <name>.text</name>
         <load_address>0x26c</load_address>
         <run_address>0x26c</run_address>
         <size>0x4dc</size>
         <input_file_ref idref="fl-8"/>
      </object_component>
      <object_component id="oc-98">
         <name>.text</name>
         <load_address>0x748</load_address>
         <run_address>0x748</run_address>
         <size>0x154</size>
         <input_file_ref idref="fl-2"/>
      </object_component>
      <object_component id="oc-124">
         <name>.text</name>
         <load_address>0x89c</load_address>
         <run_address>0x89c</run_address>
         <size>0x136</size>
         <input_file_ref idref="fl-cc"/>
      </object_component>
      <object_component id="oc-1ed">
         <name>.text:GPIOPadConfigSet</name>
         <load_address>0x9d2</load_address>
         <run_address>0x9d2</run_address>
         <size>0x132</size>
         <input_file_ref idref="fl-f"/>
      </object_component>
      <object_component id="oc-1c9">
         <name>.text:SysCtlClockGet</name>
         <load_address>0xb04</load_address>
         <run_address>0xb04</run_address>
         <size>0x110</size>
         <input_file_ref idref="fl-13"/>
      </object_component>
      <object_component id="oc-11f">
         <name>.text</name>
         <load_address>0xc14</load_address>
         <run_address>0xc14</run_address>
         <size>0xfc</size>
         <input_file_ref idref="fl-cd"/>
      </object_component>
      <object_component id="oc-c6">
         <name>.text:SysCtlClockSet</name>
         <load_address>0xd10</load_address>
         <run_address>0xd10</run_address>
         <size>0xf4</size>
         <input_file_ref idref="fl-13"/>
      </object_component>
      <object_component id="oc-d2">
         <name>.text</name>
         <load_address>0xe04</load_address>
         <run_address>0xe04</run_address>
         <size>0xbc</size>
         <input_file_ref idref="fl-3"/>
      </object_component>
      <object_component id="oc-38">
         <name>.text</name>
         <load_address>0xec0</load_address>
         <run_address>0xec0</run_address>
         <size>0x9c</size>
         <input_file_ref idref="fl-d6"/>
      </object_component>
      <object_component id="oc-de">
         <name>.text</name>
         <load_address>0xf5c</load_address>
         <run_address>0xf5c</run_address>
         <size>0x90</size>
         <input_file_ref idref="fl-5"/>
      </object_component>
      <object_component id="oc-cc">
         <name>.text</name>
         <load_address>0xfec</load_address>
         <run_address>0xfec</run_address>
         <size>0x88</size>
         <input_file_ref idref="fl-4"/>
      </object_component>
      <object_component id="oc-1f9">
         <name>.text:ADCSequenceStepConfigure</name>
         <load_address>0x1074</load_address>
         <run_address>0x1074</run_address>
         <size>0x7a</size>
         <input_file_ref idref="fl-e"/>
      </object_component>
      <object_component id="oc-308">
         <name>.text</name>
         <load_address>0x10ee</load_address>
         <run_address>0x10ee</run_address>
         <size>0x2</size>
         <input_file_ref idref="fl-d5"/>
      </object_component>
      <object_component id="oc-262">
         <name>.text:IntEnable</name>
         <load_address>0x10f0</load_address>
         <run_address>0x10f0</run_address>
         <size>0x68</size>
         <input_file_ref idref="fl-10"/>
      </object_component>
      <object_component id="oc-12">
         <name>.text:decompress:lzss:__TI_decompress_lzss</name>
         <load_address>0x1158</load_address>
         <run_address>0x1158</run_address>
         <size>0x68</size>
         <input_file_ref idref="fl-d3"/>
      </object_component>
      <object_component id="oc-1c3">
         <name>.text:TimerConfigure</name>
         <load_address>0x11c0</load_address>
         <run_address>0x11c0</run_address>
         <size>0x60</size>
         <input_file_ref idref="fl-14"/>
      </object_component>
      <object_component id="oc-d8">
         <name>.text</name>
         <load_address>0x1220</load_address>
         <run_address>0x1220</run_address>
         <size>0x5c</size>
         <input_file_ref idref="fl-6"/>
      </object_component>
      <object_component id="oc-1d5">
         <name>.text:TimerControlTrigger</name>
         <load_address>0x127c</load_address>
         <run_address>0x127c</run_address>
         <size>0x58</size>
         <input_file_ref idref="fl-14"/>
      </object_component>
      <object_component id="oc-1f3">
         <name>.text:ADCSequenceConfigure</name>
         <load_address>0x12d4</load_address>
         <run_address>0x12d4</run_address>
         <size>0x50</size>
         <input_file_ref idref="fl-e"/>
      </object_component>
      <object_component id="oc-256">
         <name>.text:_ADCIntNumberGet</name>
         <load_address>0x1324</load_address>
         <run_address>0x1324</run_address>
         <size>0x50</size>
         <input_file_ref idref="fl-e"/>
      </object_component>
      <object_component id="oc-19e">
         <name>.text:GPIOPinConfigure</name>
         <load_address>0x1374</load_address>
         <run_address>0x1374</run_address>
         <size>0x48</size>
         <input_file_ref idref="fl-f"/>
      </object_component>
      <object_component id="oc-26b">
         <name>.text:_QEIIntNumberGet</name>
         <load_address>0x13bc</load_address>
         <run_address>0x13bc</run_address>
         <size>0x48</size>
         <input_file_ref idref="fl-12"/>
      </object_component>
      <object_component id="oc-150">
         <name>.text:__TI_auto_init_nobinit_nopinit:__TI_auto_init_nobinit_nopinit</name>
         <load_address>0x1404</load_address>
         <run_address>0x1404</run_address>
         <size>0x44</size>
         <input_file_ref idref="fl-d8"/>
      </object_component>
      <object_component id="oc-129">
         <name>.text</name>
         <load_address>0x1448</load_address>
         <run_address>0x1448</run_address>
         <size>0x44</size>
         <input_file_ref idref="fl-ce"/>
      </object_component>
      <object_component id="oc-289">
         <name>.text</name>
         <load_address>0x148c</load_address>
         <run_address>0x148c</run_address>
         <size>0x40</size>
         <input_file_ref idref="fl-d0"/>
      </object_component>
      <object_component id="oc-198">
         <name>.text:SysCtlPeripheralReady</name>
         <load_address>0x14cc</load_address>
         <run_address>0x14cc</run_address>
         <size>0x38</size>
         <input_file_ref idref="fl-13"/>
      </object_component>
      <object_component id="oc-11a">
         <name>.text</name>
         <load_address>0x1504</load_address>
         <run_address>0x1504</run_address>
         <size>0x38</size>
         <input_file_ref idref="fl-cf"/>
      </object_component>
      <object_component id="oc-25c">
         <name>.text:IntRegister</name>
         <load_address>0x153c</load_address>
         <run_address>0x153c</run_address>
         <size>0x34</size>
         <input_file_ref idref="fl-10"/>
      </object_component>
      <object_component id="oc-192">
         <name>.text:SysCtlPeripheralEnable</name>
         <load_address>0x1570</load_address>
         <run_address>0x1570</run_address>
         <size>0x34</size>
         <input_file_ref idref="fl-13"/>
      </object_component>
      <object_component id="oc-56">
         <name>.text:_c_int00_noargs:_c_int00_noargs</name>
         <load_address>0x15a4</load_address>
         <run_address>0x15a4</run_address>
         <size>0x34</size>
         <input_file_ref idref="fl-d4"/>
      </object_component>
      <object_component id="oc-2c9">
         <name>.text:GPIODirModeSet</name>
         <load_address>0x15d8</load_address>
         <run_address>0x15d8</run_address>
         <size>0x2a</size>
         <input_file_ref idref="fl-f"/>
      </object_component>
      <object_component id="oc-1aa">
         <name>.text:PWMGenConfigure</name>
         <load_address>0x1602</load_address>
         <run_address>0x1602</run_address>
         <size>0x22</size>
         <input_file_ref idref="fl-11"/>
      </object_component>
      <object_component id="oc-114">
         <name>.text:ADCSequenceDataGet</name>
         <load_address>0x1624</load_address>
         <run_address>0x1624</run_address>
         <size>0x1e</size>
         <input_file_ref idref="fl-e"/>
      </object_component>
      <object_component id="oc-12e">
         <name>.text:PWMPulseWidthSet</name>
         <load_address>0x1642</load_address>
         <run_address>0x1642</run_address>
         <size>0x1e</size>
         <input_file_ref idref="fl-11"/>
      </object_component>
      <object_component id="oc-e4">
         <name>.text:ADCIntRegister</name>
         <load_address>0x1660</load_address>
         <run_address>0x1660</run_address>
         <size>0x18</size>
         <input_file_ref idref="fl-e"/>
      </object_component>
      <object_component id="oc-ea">
         <name>.text:QEIIntRegister</name>
         <load_address>0x1678</load_address>
         <run_address>0x1678</run_address>
         <size>0x18</size>
         <input_file_ref idref="fl-12"/>
      </object_component>
      <object_component id="oc-18c">
         <name>.text:SysCtlPWMClockSet</name>
         <load_address>0x1690</load_address>
         <run_address>0x1690</run_address>
         <size>0x14</size>
         <input_file_ref idref="fl-13"/>
      </object_component>
      <object_component id="oc-218">
         <name>.text:UARTEnable</name>
         <load_address>0x16a4</load_address>
         <run_address>0x16a4</run_address>
         <size>0x14</size>
         <input_file_ref idref="fl-15"/>
      </object_component>
      <object_component id="oc-1e7">
         <name>.text:GPIOPinTypeADC</name>
         <load_address>0x16b8</load_address>
         <run_address>0x16b8</run_address>
         <size>0x12</size>
         <input_file_ref idref="fl-f"/>
      </object_component>
      <object_component id="oc-1a4">
         <name>.text:GPIOPinTypePWM</name>
         <load_address>0x16ca</load_address>
         <run_address>0x16ca</run_address>
         <size>0x12</size>
         <input_file_ref idref="fl-f"/>
      </object_component>
      <object_component id="oc-21f">
         <name>.text:GPIOPinTypeQEI</name>
         <load_address>0x16dc</load_address>
         <run_address>0x16dc</run_address>
         <size>0x12</size>
         <input_file_ref idref="fl-f"/>
      </object_component>
      <object_component id="oc-20c">
         <name>.text:GPIOPinTypeUART</name>
         <load_address>0x16ee</load_address>
         <run_address>0x16ee</run_address>
         <size>0x12</size>
         <input_file_ref idref="fl-f"/>
      </object_component>
      <object_component id="oc-1bc">
         <name>.text:PWMOutputState</name>
         <load_address>0x1700</load_address>
         <run_address>0x1700</run_address>
         <size>0x12</size>
         <input_file_ref idref="fl-11"/>
      </object_component>
      <object_component id="oc-1cf">
         <name>.text:TimerLoadSet</name>
         <load_address>0x1712</load_address>
         <run_address>0x1712</run_address>
         <size>0x12</size>
         <input_file_ref idref="fl-14"/>
      </object_component>
      <object_component id="oc-44">
         <name>.text:decompress:ZI:__TI_zero_init_nomemset:__TI_zero_init_nomemset</name>
         <load_address>0x1724</load_address>
         <run_address>0x1724</run_address>
         <size>0x12</size>
         <input_file_ref idref="fl-d1"/>
      </object_component>
      <object_component id="oc-205">
         <name>.text:ADCIntEnable</name>
         <load_address>0x1736</load_address>
         <run_address>0x1736</run_address>
         <size>0x10</size>
         <input_file_ref idref="fl-e"/>
      </object_component>
      <object_component id="oc-1b0">
         <name>.text:PWMGenPeriodSet</name>
         <load_address>0x1746</load_address>
         <run_address>0x1746</run_address>
         <size>0x10</size>
         <input_file_ref idref="fl-11"/>
      </object_component>
      <object_component id="oc-243">
         <name>.text:QEIVelocityConfigure</name>
         <load_address>0x1756</load_address>
         <run_address>0x1756</run_address>
         <size>0x10</size>
         <input_file_ref idref="fl-12"/>
      </object_component>
      <object_component id="oc-1ff">
         <name>.text:ADCSequenceEnable</name>
         <load_address>0x1766</load_address>
         <run_address>0x1766</run_address>
         <size>0xe</size>
         <input_file_ref idref="fl-e"/>
      </object_component>
      <object_component id="oc-231">
         <name>.text:QEIConfigure</name>
         <load_address>0x1774</load_address>
         <run_address>0x1774</run_address>
         <size>0xe</size>
         <input_file_ref idref="fl-12"/>
      </object_component>
      <object_component id="oc-108">
         <name>.text:QEIDirectionGet</name>
         <load_address>0x1782</load_address>
         <run_address>0x1782</run_address>
         <size>0xe</size>
         <input_file_ref idref="fl-12"/>
      </object_component>
      <object_component id="oc-1e1">
         <name>.text:TimerEnable</name>
         <load_address>0x1790</load_address>
         <run_address>0x1790</run_address>
         <size>0xe</size>
         <input_file_ref idref="fl-14"/>
      </object_component>
      <object_component id="oc-18">
         <name>.text:decompress:none:__TI_decompress_none</name>
         <load_address>0x179e</load_address>
         <run_address>0x179e</run_address>
         <size>0xe</size>
         <input_file_ref idref="fl-d2"/>
      </object_component>
      <object_component id="oc-1b6">
         <name>.text:PWMGenEnable</name>
         <load_address>0x17ac</load_address>
         <run_address>0x17ac</run_address>
         <size>0xc</size>
         <input_file_ref idref="fl-11"/>
      </object_component>
      <object_component id="oc-24">
         <name>.text</name>
         <load_address>0x17b8</load_address>
         <run_address>0x17b8</run_address>
         <size>0xc</size>
         <input_file_ref idref="fl-7"/>
      </object_component>
      <object_component id="oc-10e">
         <name>.text:ADCIntClear</name>
         <load_address>0x17c4</load_address>
         <run_address>0x17c4</run_address>
         <size>0xa</size>
         <input_file_ref idref="fl-e"/>
      </object_component>
      <object_component id="oc-225">
         <name>.text:QEIDisable</name>
         <load_address>0x17ce</load_address>
         <run_address>0x17ce</run_address>
         <size>0xa</size>
         <input_file_ref idref="fl-12"/>
      </object_component>
      <object_component id="oc-237">
         <name>.text:QEIEnable</name>
         <load_address>0x17d8</load_address>
         <run_address>0x17d8</run_address>
         <size>0xa</size>
         <input_file_ref idref="fl-12"/>
      </object_component>
      <object_component id="oc-22b">
         <name>.text:QEIIntDisable</name>
         <load_address>0x17e2</load_address>
         <run_address>0x17e2</run_address>
         <size>0xa</size>
         <input_file_ref idref="fl-12"/>
      </object_component>
      <object_component id="oc-f0">
         <name>.text:QEIIntStatus</name>
         <load_address>0x17ec</load_address>
         <run_address>0x17ec</run_address>
         <size>0xa</size>
         <input_file_ref idref="fl-12"/>
      </object_component>
      <object_component id="oc-23d">
         <name>.text:QEIVelocityDisable</name>
         <load_address>0x17f6</load_address>
         <run_address>0x17f6</run_address>
         <size>0xa</size>
         <input_file_ref idref="fl-12"/>
      </object_component>
      <object_component id="oc-249">
         <name>.text:QEIVelocityEnable</name>
         <load_address>0x1800</load_address>
         <run_address>0x1800</run_address>
         <size>0xa</size>
         <input_file_ref idref="fl-12"/>
      </object_component>
      <object_component id="oc-24f">
         <name>.text:QEIIntEnable</name>
         <load_address>0x180a</load_address>
         <run_address>0x180a</run_address>
         <size>0x8</size>
         <input_file_ref idref="fl-12"/>
      </object_component>
      <object_component id="oc-1db">
         <name>.text:TimerIntEnable</name>
         <load_address>0x1812</load_address>
         <run_address>0x1812</run_address>
         <size>0x8</size>
         <input_file_ref idref="fl-14"/>
      </object_component>
      <object_component id="oc-212">
         <name>.text:UARTIntEnable</name>
         <load_address>0x181a</load_address>
         <run_address>0x181a</run_address>
         <size>0x8</size>
         <input_file_ref idref="fl-15"/>
      </object_component>
      <object_component id="oc-184">
         <name>.text:SysCtlDelay</name>
         <load_address>0x1822</load_address>
         <run_address>0x1822</run_address>
         <size>0x6</size>
         <input_file_ref idref="fl-13"/>
      </object_component>
      <object_component id="oc-f6">
         <name>.text:QEIIntClear</name>
         <load_address>0x1828</load_address>
         <run_address>0x1828</run_address>
         <size>0x4</size>
         <input_file_ref idref="fl-12"/>
      </object_component>
      <object_component id="oc-102">
         <name>.text:QEIPositionGet</name>
         <load_address>0x182c</load_address>
         <run_address>0x182c</run_address>
         <size>0x4</size>
         <input_file_ref idref="fl-12"/>
      </object_component>
      <object_component id="oc-fc">
         <name>.text:QEIVelocityGet</name>
         <load_address>0x1830</load_address>
         <run_address>0x1830</run_address>
         <size>0x4</size>
         <input_file_ref idref="fl-12"/>
      </object_component>
      <object_component id="oc-92">
         <name>.text:_system_pre_init</name>
         <load_address>0x1834</load_address>
         <run_address>0x1834</run_address>
         <size>0x4</size>
         <input_file_ref idref="fl-d9"/>
      </object_component>
      <object_component id="oc-144">
         <name>.text:abort:abort</name>
         <load_address>0x1838</load_address>
         <run_address>0x1838</run_address>
         <size>0x4</size>
         <input_file_ref idref="fl-db"/>
      </object_component>
      <object_component id="oc-2c4">
         <name>.const:g_pui32GPIOBaseAddrs</name>
         <load_address>0x183c</load_address>
         <run_address>0x183c</run_address>
         <size>0x90</size>
         <input_file_ref idref="fl-f"/>
      </object_component>
      <object_component id="oc-2f7">
         <name>.const</name>
         <load_address>0x18cc</load_address>
         <run_address>0x18cc</run_address>
         <size>0x70</size>
         <input_file_ref idref="fl-10"/>
      </object_component>
      <object_component id="oc-2d6">
         <name>.const:g_pui32Xtals</name>
         <load_address>0x193c</load_address>
         <run_address>0x193c</run_address>
         <size>0x6c</size>
         <input_file_ref idref="fl-13"/>
      </object_component>
      <object_component id="oc-30e">
         <name>.const:.string</name>
         <load_address>0x19a8</load_address>
         <run_address>0x19a8</run_address>
         <size>0x12</size>
         <input_file_ref idref="fl-8"/>
      </object_component>
      <object_component id="oc-286">
         <name>.const:g_ui32UARTBase</name>
         <load_address>0x19bc</load_address>
         <run_address>0x19bc</run_address>
         <size>0xc</size>
         <input_file_ref idref="fl-8"/>
      </object_component>
      <object_component id="oc-280">
         <name>.const:g_ui32UARTPeriph</name>
         <load_address>0x19c8</load_address>
         <run_address>0x19c8</run_address>
         <size>0xc</size>
         <input_file_ref idref="fl-8"/>
      </object_component>
      <object_component id="oc-28e">
         <name>.const</name>
         <load_address>0x19d4</load_address>
         <run_address>0x19d4</run_address>
         <size>0x4</size>
         <input_file_ref idref="fl-8"/>
      </object_component>
      <object_component id="oc-37f">
         <name>.cinit..data.load</name>
         <load_address>0x19d8</load_address>
         <run_address>0x19d8</run_address>
         <size>0x1a</size>
      </object_component>
      <object_component id="oc-37c">
         <name>__TI_handler_table</name>
         <load_address>0x19f4</load_address>
         <run_address>0x19f4</run_address>
         <size>0xc</size>
      </object_component>
      <object_component id="oc-380">
         <name>.cinit..bss.load</name>
         <load_address>0x1a00</load_address>
         <run_address>0x1a00</run_address>
         <size>0x8</size>
      </object_component>
      <object_component id="oc-37e">
         <name>.cinit..vtable.load</name>
         <load_address>0x1a08</load_address>
         <run_address>0x1a08</run_address>
         <size>0x8</size>
      </object_component>
      <object_component id="oc-37d">
         <name>__TI_cinit_table</name>
         <load_address>0x1a10</load_address>
         <run_address>0x1a10</run_address>
         <size>0x18</size>
      </object_component>
      <object_component id="oc-2f2">
         <name>.vtable</name>
         <uninitialized>true</uninitialized>
         <run_address>0x20000000</run_address>
         <size>0x26c</size>
         <input_file_ref idref="fl-10"/>
      </object_component>
      <object_component id="oc-13e">
         <name>.data</name>
         <load_address>0x20000470</load_address>
         <run_address>0x20000470</run_address>
         <size>0x24</size>
         <input_file_ref idref="fl-2"/>
      </object_component>
      <object_component id="oc-283">
         <name>.data</name>
         <load_address>0x20000494</load_address>
         <run_address>0x20000494</run_address>
         <size>0x5</size>
         <input_file_ref idref="fl-8"/>
      </object_component>
      <object_component id="oc-141">
         <name>.common:samples_adc</name>
         <uninitialized>true</uninitialized>
         <run_address>0x200004a8</run_address>
         <size>0x4</size>
      </object_component>
      <object_component id="oc-142">
         <name>.common:speed</name>
         <uninitialized>true</uninitialized>
         <run_address>0x200004ac</run_address>
         <size>0x4</size>
      </object_component>
      <object_component id="oc-13a">
         <name>.common:enco_Vel</name>
         <uninitialized>true</uninitialized>
         <run_address>0x200004a4</run_address>
         <size>0x4</size>
      </object_component>
      <object_component id="oc-13b">
         <name>.common:enco_Pos</name>
         <uninitialized>true</uninitialized>
         <run_address>0x200004a0</run_address>
         <size>0x4</size>
      </object_component>
      <object_component id="oc-13c">
         <name>.common:enco_Dir</name>
         <uninitialized>true</uninitialized>
         <run_address>0x2000049c</run_address>
         <size>0x4</size>
      </object_component>
      <object_component id="oc-13d">
         <name>.common:enco_Vel_Rpm</name>
         <uninitialized>true</uninitialized>
         <run_address>0x200004b0</run_address>
         <size>0x2</size>
      </object_component>
      <object_component id="oc-21">
         <name>.stack</name>
         <uninitialized>true</uninitialized>
         <run_address>0x20000270</run_address>
         <size>0x4</size>
         <input_file_ref idref="fl-d4"/>
      </object_component>
      <object_component id="oc-381">
         <name>.stack</name>
         <uninitialized>true</uninitialized>
         <run_address>0x20000270</run_address>
         <size>0x0</size>
      </object_component>
      <object_component id="oc-b4">
         <name>.debug_info</name>
         <load_address>0x0</load_address>
         <run_address>0x0</run_address>
         <size>0x669</size>
         <input_file_ref idref="fl-2"/>
      </object_component>
      <object_component id="oc-13f">
         <name>.debug_info</name>
         <load_address>0x669</load_address>
         <run_address>0x669</run_address>
         <size>0x188</size>
         <input_file_ref idref="fl-2"/>
      </object_component>
      <object_component id="oc-99">
         <name>.debug_info</name>
         <load_address>0x7f1</load_address>
         <run_address>0x7f1</run_address>
         <size>0x31e</size>
         <input_file_ref idref="fl-2"/>
      </object_component>
      <object_component id="oc-6d">
         <name>.debug_info</name>
         <load_address>0xb0f</load_address>
         <run_address>0xb0f</run_address>
         <size>0x26b</size>
         <input_file_ref idref="fl-2"/>
      </object_component>
      <object_component id="oc-af">
         <name>.debug_info</name>
         <load_address>0xd7a</load_address>
         <run_address>0xd7a</run_address>
         <size>0x8b</size>
         <input_file_ref idref="fl-2"/>
      </object_component>
      <object_component id="oc-aa">
         <name>.debug_info</name>
         <load_address>0xe05</load_address>
         <run_address>0xe05</run_address>
         <size>0x297</size>
         <input_file_ref idref="fl-2"/>
      </object_component>
      <object_component id="oc-72">
         <name>.debug_info</name>
         <load_address>0x109c</load_address>
         <run_address>0x109c</run_address>
         <size>0xbb</size>
         <input_file_ref idref="fl-2"/>
      </object_component>
      <object_component id="oc-293">
         <name>.debug_info</name>
         <load_address>0x1157</load_address>
         <run_address>0x1157</run_address>
         <size>0x2c</size>
         <input_file_ref idref="fl-2"/>
      </object_component>
      <object_component id="oc-d3">
         <name>.debug_info</name>
         <load_address>0x1183</load_address>
         <run_address>0x1183</run_address>
         <size>0x2f0</size>
         <input_file_ref idref="fl-3"/>
      </object_component>
      <object_component id="oc-cd">
         <name>.debug_info</name>
         <load_address>0x1473</load_address>
         <run_address>0x1473</run_address>
         <size>0x238</size>
         <input_file_ref idref="fl-4"/>
      </object_component>
      <object_component id="oc-e0">
         <name>.debug_info</name>
         <load_address>0x16ab</load_address>
         <run_address>0x16ab</run_address>
         <size>0x25c</size>
         <input_file_ref idref="fl-5"/>
      </object_component>
      <object_component id="oc-da">
         <name>.debug_info</name>
         <load_address>0x1907</load_address>
         <run_address>0x1907</run_address>
         <size>0x1f4</size>
         <input_file_ref idref="fl-6"/>
      </object_component>
      <object_component id="oc-2c">
         <name>.debug_info</name>
         <load_address>0x1afb</load_address>
         <run_address>0x1afb</run_address>
         <size>0x2af</size>
         <input_file_ref idref="fl-7"/>
      </object_component>
      <object_component id="oc-10">
         <name>.debug_info</name>
         <load_address>0x1daa</load_address>
         <run_address>0x1daa</run_address>
         <size>0xee</size>
         <input_file_ref idref="fl-7"/>
      </object_component>
      <object_component id="oc-25">
         <name>.debug_info</name>
         <load_address>0x1e98</load_address>
         <run_address>0x1e98</run_address>
         <size>0x26a</size>
         <input_file_ref idref="fl-7"/>
      </object_component>
      <object_component id="oc-33">
         <name>.debug_info</name>
         <load_address>0x2102</load_address>
         <run_address>0x2102</run_address>
         <size>0x84</size>
         <input_file_ref idref="fl-7"/>
      </object_component>
      <object_component id="oc-292">
         <name>.debug_info</name>
         <load_address>0x2186</load_address>
         <run_address>0x2186</run_address>
         <size>0x299</size>
         <input_file_ref idref="fl-8"/>
      </object_component>
      <object_component id="oc-284">
         <name>.debug_info</name>
         <load_address>0x241f</load_address>
         <run_address>0x241f</run_address>
         <size>0xda</size>
         <input_file_ref idref="fl-8"/>
      </object_component>
      <object_component id="oc-28f">
         <name>.debug_info</name>
         <load_address>0x24f9</load_address>
         <run_address>0x24f9</run_address>
         <size>0xd4</size>
         <input_file_ref idref="fl-8"/>
      </object_component>
      <object_component id="oc-287">
         <name>.debug_info</name>
         <load_address>0x25cd</load_address>
         <run_address>0x25cd</run_address>
         <size>0xe2</size>
         <input_file_ref idref="fl-8"/>
      </object_component>
      <object_component id="oc-281">
         <name>.debug_info</name>
         <load_address>0x26af</load_address>
         <run_address>0x26af</run_address>
         <size>0xe6</size>
         <input_file_ref idref="fl-8"/>
      </object_component>
      <object_component id="oc-137">
         <name>.debug_info</name>
         <load_address>0x2795</load_address>
         <run_address>0x2795</run_address>
         <size>0x702</size>
         <input_file_ref idref="fl-8"/>
      </object_component>
      <object_component id="oc-269">
         <name>.debug_info</name>
         <load_address>0x2e97</load_address>
         <run_address>0x2e97</run_address>
         <size>0x24d</size>
         <input_file_ref idref="fl-e"/>
      </object_component>
      <object_component id="oc-1fd">
         <name>.debug_info</name>
         <load_address>0x30e4</load_address>
         <run_address>0x30e4</run_address>
         <size>0x333</size>
         <input_file_ref idref="fl-e"/>
      </object_component>
      <object_component id="oc-203">
         <name>.debug_info</name>
         <load_address>0x3417</load_address>
         <run_address>0x3417</run_address>
         <size>0x2a0</size>
         <input_file_ref idref="fl-e"/>
      </object_component>
      <object_component id="oc-118">
         <name>.debug_info</name>
         <load_address>0x36b7</load_address>
         <run_address>0x36b7</run_address>
         <size>0x2ff</size>
         <input_file_ref idref="fl-e"/>
      </object_component>
      <object_component id="oc-1f7">
         <name>.debug_info</name>
         <load_address>0x39b6</load_address>
         <run_address>0x39b6</run_address>
         <size>0x326</size>
         <input_file_ref idref="fl-e"/>
      </object_component>
      <object_component id="oc-25a">
         <name>.debug_info</name>
         <load_address>0x3cdc</load_address>
         <run_address>0x3cdc</run_address>
         <size>0x2bf</size>
         <input_file_ref idref="fl-e"/>
      </object_component>
      <object_component id="oc-e8">
         <name>.debug_info</name>
         <load_address>0x3f9b</load_address>
         <run_address>0x3f9b</run_address>
         <size>0x2df</size>
         <input_file_ref idref="fl-e"/>
      </object_component>
      <object_component id="oc-209">
         <name>.debug_info</name>
         <load_address>0x427a</load_address>
         <run_address>0x427a</run_address>
         <size>0x296</size>
         <input_file_ref idref="fl-e"/>
      </object_component>
      <object_component id="oc-112">
         <name>.debug_info</name>
         <load_address>0x4510</load_address>
         <run_address>0x4510</run_address>
         <size>0x294</size>
         <input_file_ref idref="fl-e"/>
      </object_component>
      <object_component id="oc-186">
         <name>.debug_info</name>
         <load_address>0x47a4</load_address>
         <run_address>0x47a4</run_address>
         <size>0x18b</size>
         <input_file_ref idref="fl-e"/>
      </object_component>
      <object_component id="oc-2c8">
         <name>.debug_info</name>
         <load_address>0x492f</load_address>
         <run_address>0x492f</run_address>
         <size>0x240</size>
         <input_file_ref idref="fl-f"/>
      </object_component>
      <object_component id="oc-2c5">
         <name>.debug_info</name>
         <load_address>0x4b6f</load_address>
         <run_address>0x4b6f</run_address>
         <size>0x15b</size>
         <input_file_ref idref="fl-f"/>
      </object_component>
      <object_component id="oc-2ca">
         <name>.debug_info</name>
         <load_address>0x4cca</load_address>
         <run_address>0x4cca</run_address>
         <size>0x2b3</size>
         <input_file_ref idref="fl-f"/>
      </object_component>
      <object_component id="oc-1ee">
         <name>.debug_info</name>
         <load_address>0x4f7d</load_address>
         <run_address>0x4f7d</run_address>
         <size>0x316</size>
         <input_file_ref idref="fl-f"/>
      </object_component>
      <object_component id="oc-20d">
         <name>.debug_info</name>
         <load_address>0x5293</load_address>
         <run_address>0x5293</run_address>
         <size>0x27b</size>
         <input_file_ref idref="fl-f"/>
      </object_component>
      <object_component id="oc-220">
         <name>.debug_info</name>
         <load_address>0x550e</load_address>
         <run_address>0x550e</run_address>
         <size>0x279</size>
         <input_file_ref idref="fl-f"/>
      </object_component>
      <object_component id="oc-1a5">
         <name>.debug_info</name>
         <load_address>0x5787</load_address>
         <run_address>0x5787</run_address>
         <size>0x279</size>
         <input_file_ref idref="fl-f"/>
      </object_component>
      <object_component id="oc-1e8">
         <name>.debug_info</name>
         <load_address>0x5a00</load_address>
         <run_address>0x5a00</run_address>
         <size>0x279</size>
         <input_file_ref idref="fl-f"/>
      </object_component>
      <object_component id="oc-19f">
         <name>.debug_info</name>
         <load_address>0x5c79</load_address>
         <run_address>0x5c79</run_address>
         <size>0x280</size>
         <input_file_ref idref="fl-f"/>
      </object_component>
      <object_component id="oc-2f6">
         <name>.debug_info</name>
         <load_address>0x5ef9</load_address>
         <run_address>0x5ef9</run_address>
         <size>0x20e</size>
         <input_file_ref idref="fl-10"/>
      </object_component>
      <object_component id="oc-2f8">
         <name>.debug_info</name>
         <load_address>0x6107</load_address>
         <run_address>0x6107</run_address>
         <size>0x210</size>
         <input_file_ref idref="fl-10"/>
      </object_component>
      <object_component id="oc-2f3">
         <name>.debug_info</name>
         <load_address>0x6317</load_address>
         <run_address>0x6317</run_address>
         <size>0x157</size>
         <input_file_ref idref="fl-10"/>
      </object_component>
      <object_component id="oc-25d">
         <name>.debug_info</name>
         <load_address>0x646e</load_address>
         <run_address>0x646e</run_address>
         <size>0x2c1</size>
         <input_file_ref idref="fl-10"/>
      </object_component>
      <object_component id="oc-263">
         <name>.debug_info</name>
         <load_address>0x672f</load_address>
         <run_address>0x672f</run_address>
         <size>0x268</size>
         <input_file_ref idref="fl-10"/>
      </object_component>
      <object_component id="oc-27f">
         <name>.debug_info</name>
         <load_address>0x6997</load_address>
         <run_address>0x6997</run_address>
         <size>0x1ed</size>
         <input_file_ref idref="fl-11"/>
      </object_component>
      <object_component id="oc-12f">
         <name>.debug_info</name>
         <load_address>0x6b84</load_address>
         <run_address>0x6b84</run_address>
         <size>0x2f6</size>
         <input_file_ref idref="fl-11"/>
      </object_component>
      <object_component id="oc-1be">
         <name>.debug_info</name>
         <load_address>0x6e7a</load_address>
         <run_address>0x6e7a</run_address>
         <size>0x2c4</size>
         <input_file_ref idref="fl-11"/>
      </object_component>
      <object_component id="oc-1b1">
         <name>.debug_info</name>
         <load_address>0x713e</load_address>
         <run_address>0x713e</run_address>
         <size>0x2b6</size>
         <input_file_ref idref="fl-11"/>
      </object_component>
      <object_component id="oc-1b7">
         <name>.debug_info</name>
         <load_address>0x73f4</load_address>
         <run_address>0x73f4</run_address>
         <size>0x276</size>
         <input_file_ref idref="fl-11"/>
      </object_component>
      <object_component id="oc-1ab">
         <name>.debug_info</name>
         <load_address>0x766a</load_address>
         <run_address>0x766a</run_address>
         <size>0x2b3</size>
         <input_file_ref idref="fl-11"/>
      </object_component>
      <object_component id="oc-272">
         <name>.debug_info</name>
         <load_address>0x791d</load_address>
         <run_address>0x791d</run_address>
         <size>0x1e8</size>
         <input_file_ref idref="fl-12"/>
      </object_component>
      <object_component id="oc-fd">
         <name>.debug_info</name>
         <load_address>0x7b05</load_address>
         <run_address>0x7b05</run_address>
         <size>0x250</size>
         <input_file_ref idref="fl-12"/>
      </object_component>
      <object_component id="oc-24a">
         <name>.debug_info</name>
         <load_address>0x7d55</load_address>
         <run_address>0x7d55</run_address>
         <size>0x252</size>
         <input_file_ref idref="fl-12"/>
      </object_component>
      <object_component id="oc-23e">
         <name>.debug_info</name>
         <load_address>0x7fa7</load_address>
         <run_address>0x7fa7</run_address>
         <size>0x254</size>
         <input_file_ref idref="fl-12"/>
      </object_component>
      <object_component id="oc-244">
         <name>.debug_info</name>
         <load_address>0x81fb</load_address>
         <run_address>0x81fb</run_address>
         <size>0x2cc</size>
         <input_file_ref idref="fl-12"/>
      </object_component>
      <object_component id="oc-103">
         <name>.debug_info</name>
         <load_address>0x84c7</load_address>
         <run_address>0x84c7</run_address>
         <size>0x24d</size>
         <input_file_ref idref="fl-12"/>
      </object_component>
      <object_component id="oc-26c">
         <name>.debug_info</name>
         <load_address>0x8714</load_address>
         <run_address>0x8714</run_address>
         <size>0x270</size>
         <input_file_ref idref="fl-12"/>
      </object_component>
      <object_component id="oc-f1">
         <name>.debug_info</name>
         <load_address>0x8984</load_address>
         <run_address>0x8984</run_address>
         <size>0x27a</size>
         <input_file_ref idref="fl-12"/>
      </object_component>
      <object_component id="oc-eb">
         <name>.debug_info</name>
         <load_address>0x8bfe</load_address>
         <run_address>0x8bfe</run_address>
         <size>0x2bd</size>
         <input_file_ref idref="fl-12"/>
      </object_component>
      <object_component id="oc-250">
         <name>.debug_info</name>
         <load_address>0x8ebb</load_address>
         <run_address>0x8ebb</run_address>
         <size>0x28a</size>
         <input_file_ref idref="fl-12"/>
      </object_component>
      <object_component id="oc-22c">
         <name>.debug_info</name>
         <load_address>0x9145</load_address>
         <run_address>0x9145</run_address>
         <size>0x28c</size>
         <input_file_ref idref="fl-12"/>
      </object_component>
      <object_component id="oc-f7">
         <name>.debug_info</name>
         <load_address>0x93d1</load_address>
         <run_address>0x93d1</run_address>
         <size>0x288</size>
         <input_file_ref idref="fl-12"/>
      </object_component>
      <object_component id="oc-238">
         <name>.debug_info</name>
         <load_address>0x9659</load_address>
         <run_address>0x9659</run_address>
         <size>0x23f</size>
         <input_file_ref idref="fl-12"/>
      </object_component>
      <object_component id="oc-226">
         <name>.debug_info</name>
         <load_address>0x9898</load_address>
         <run_address>0x9898</run_address>
         <size>0x241</size>
         <input_file_ref idref="fl-12"/>
      </object_component>
      <object_component id="oc-109">
         <name>.debug_info</name>
         <load_address>0x9ad9</load_address>
         <run_address>0x9ad9</run_address>
         <size>0x24f</size>
         <input_file_ref idref="fl-12"/>
      </object_component>
      <object_component id="oc-232">
         <name>.debug_info</name>
         <load_address>0x9d28</load_address>
         <run_address>0x9d28</run_address>
         <size>0x2cd</size>
         <input_file_ref idref="fl-12"/>
      </object_component>
      <object_component id="oc-18b">
         <name>.debug_info</name>
         <load_address>0x9ff5</load_address>
         <run_address>0x9ff5</run_address>
         <size>0x298</size>
         <input_file_ref idref="fl-13"/>
      </object_component>
      <object_component id="oc-2d7">
         <name>.debug_info</name>
         <load_address>0xa28d</load_address>
         <run_address>0xa28d</run_address>
         <size>0x14d</size>
         <input_file_ref idref="fl-13"/>
      </object_component>
      <object_component id="oc-199">
         <name>.debug_info</name>
         <load_address>0xa3da</load_address>
         <run_address>0xa3da</run_address>
         <size>0x27f</size>
         <input_file_ref idref="fl-13"/>
      </object_component>
      <object_component id="oc-193">
         <name>.debug_info</name>
         <load_address>0xa659</load_address>
         <run_address>0xa659</run_address>
         <size>0x27d</size>
         <input_file_ref idref="fl-13"/>
      </object_component>
      <object_component id="oc-18d">
         <name>.debug_info</name>
         <load_address>0xa8d6</load_address>
         <run_address>0xa8d6</run_address>
         <size>0x263</size>
         <input_file_ref idref="fl-13"/>
      </object_component>
      <object_component id="oc-c7">
         <name>.debug_info</name>
         <load_address>0xab39</load_address>
         <run_address>0xab39</run_address>
         <size>0x2db</size>
         <input_file_ref idref="fl-13"/>
      </object_component>
      <object_component id="oc-1ca">
         <name>.debug_info</name>
         <load_address>0xae14</load_address>
         <run_address>0xae14</run_address>
         <size>0x2b5</size>
         <input_file_ref idref="fl-13"/>
      </object_component>
      <object_component id="oc-2bc">
         <name>.debug_info</name>
         <load_address>0xb0c9</load_address>
         <run_address>0xb0c9</run_address>
         <size>0x5f</size>
         <input_file_ref idref="fl-13"/>
      </object_component>
      <object_component id="oc-2d5">
         <name>.debug_info</name>
         <load_address>0xb128</load_address>
         <run_address>0xb128</run_address>
         <size>0x223</size>
         <input_file_ref idref="fl-14"/>
      </object_component>
      <object_component id="oc-1d1">
         <name>.debug_info</name>
         <load_address>0xb34b</load_address>
         <run_address>0xb34b</run_address>
         <size>0x2ba</size>
         <input_file_ref idref="fl-14"/>
      </object_component>
      <object_component id="oc-1dc">
         <name>.debug_info</name>
         <load_address>0xb605</load_address>
         <run_address>0xb605</run_address>
         <size>0x294</size>
         <input_file_ref idref="fl-14"/>
      </object_component>
      <object_component id="oc-1e2">
         <name>.debug_info</name>
         <load_address>0xb899</load_address>
         <run_address>0xb899</run_address>
         <size>0x27f</size>
         <input_file_ref idref="fl-14"/>
      </object_component>
      <object_component id="oc-1d6">
         <name>.debug_info</name>
         <load_address>0xbb18</load_address>
         <run_address>0xbb18</run_address>
         <size>0x2d7</size>
         <input_file_ref idref="fl-14"/>
      </object_component>
      <object_component id="oc-1c4">
         <name>.debug_info</name>
         <load_address>0xbdef</load_address>
         <run_address>0xbdef</run_address>
         <size>0x28c</size>
         <input_file_ref idref="fl-14"/>
      </object_component>
      <object_component id="oc-2e6">
         <name>.debug_info</name>
         <load_address>0xc07b</load_address>
         <run_address>0xc07b</run_address>
         <size>0x227</size>
         <input_file_ref idref="fl-15"/>
      </object_component>
      <object_component id="oc-214">
         <name>.debug_info</name>
         <load_address>0xc2a2</load_address>
         <run_address>0xc2a2</run_address>
         <size>0x28f</size>
         <input_file_ref idref="fl-15"/>
      </object_component>
      <object_component id="oc-21a">
         <name>.debug_info</name>
         <load_address>0xc531</load_address>
         <run_address>0xc531</run_address>
         <size>0x247</size>
         <input_file_ref idref="fl-15"/>
      </object_component>
      <object_component id="oc-126">
         <name>.debug_info</name>
         <load_address>0xc778</load_address>
         <run_address>0xc778</run_address>
         <size>0x13e</size>
         <input_file_ref idref="fl-cc"/>
      </object_component>
      <object_component id="oc-120">
         <name>.debug_info</name>
         <load_address>0xc8b6</load_address>
         <run_address>0xc8b6</run_address>
         <size>0x13e</size>
         <input_file_ref idref="fl-cd"/>
      </object_component>
      <object_component id="oc-12a">
         <name>.debug_info</name>
         <load_address>0xc9f4</load_address>
         <run_address>0xc9f4</run_address>
         <size>0x13d</size>
         <input_file_ref idref="fl-ce"/>
      </object_component>
      <object_component id="oc-11c">
         <name>.debug_info</name>
         <load_address>0xcb31</load_address>
         <run_address>0xcb31</run_address>
         <size>0x130</size>
         <input_file_ref idref="fl-cf"/>
      </object_component>
      <object_component id="oc-28a">
         <name>.debug_info</name>
         <load_address>0xcc61</load_address>
         <run_address>0xcc61</run_address>
         <size>0x146</size>
         <input_file_ref idref="fl-d0"/>
      </object_component>
      <object_component id="oc-8b">
         <name>.debug_info</name>
         <load_address>0xcda7</load_address>
         <run_address>0xcda7</run_address>
         <size>0x2d8</size>
         <input_file_ref idref="fl-d1"/>
      </object_component>
      <object_component id="oc-45">
         <name>.debug_info</name>
         <load_address>0xd07f</load_address>
         <run_address>0xd07f</run_address>
         <size>0x1c3</size>
         <input_file_ref idref="fl-d1"/>
      </object_component>
      <object_component id="oc-86">
         <name>.debug_info</name>
         <load_address>0xd242</load_address>
         <run_address>0xd242</run_address>
         <size>0x46</size>
         <input_file_ref idref="fl-d1"/>
      </object_component>
      <object_component id="oc-bd">
         <name>.debug_info</name>
         <load_address>0xd288</load_address>
         <run_address>0xd288</run_address>
         <size>0x2c</size>
         <input_file_ref idref="fl-d1"/>
      </object_component>
      <object_component id="oc-43">
         <name>.debug_info</name>
         <load_address>0xd2b4</load_address>
         <run_address>0xd2b4</run_address>
         <size>0x2ac</size>
         <input_file_ref idref="fl-d2"/>
      </object_component>
      <object_component id="oc-1a">
         <name>.debug_info</name>
         <load_address>0xd560</load_address>
         <run_address>0xd560</run_address>
         <size>0x1ee</size>
         <input_file_ref idref="fl-d2"/>
      </object_component>
      <object_component id="oc-3e">
         <name>.debug_info</name>
         <load_address>0xd74e</load_address>
         <run_address>0xd74e</run_address>
         <size>0x46</size>
         <input_file_ref idref="fl-d2"/>
      </object_component>
      <object_component id="oc-7e">
         <name>.debug_info</name>
         <load_address>0xd794</load_address>
         <run_address>0xd794</run_address>
         <size>0x2c</size>
         <input_file_ref idref="fl-d2"/>
      </object_component>
      <object_component id="oc-7c">
         <name>.debug_info</name>
         <load_address>0xd7c0</load_address>
         <run_address>0xd7c0</run_address>
         <size>0x2a2</size>
         <input_file_ref idref="fl-d3"/>
      </object_component>
      <object_component id="oc-14">
         <name>.debug_info</name>
         <load_address>0xda62</load_address>
         <run_address>0xda62</run_address>
         <size>0x254</size>
         <input_file_ref idref="fl-d3"/>
      </object_component>
      <object_component id="oc-2e">
         <name>.debug_info</name>
         <load_address>0xdcb6</load_address>
         <run_address>0xdcb6</run_address>
         <size>0x60</size>
         <input_file_ref idref="fl-d3"/>
      </object_component>
      <object_component id="oc-b6">
         <name>.debug_info</name>
         <load_address>0xdd16</load_address>
         <run_address>0xdd16</run_address>
         <size>0x46</size>
         <input_file_ref idref="fl-d3"/>
      </object_component>
      <object_component id="oc-77">
         <name>.debug_info</name>
         <load_address>0xdd5c</load_address>
         <run_address>0xdd5c</run_address>
         <size>0x39</size>
         <input_file_ref idref="fl-d3"/>
      </object_component>
      <object_component id="oc-22">
         <name>.debug_info</name>
         <load_address>0xdd95</load_address>
         <run_address>0xdd95</run_address>
         <size>0x10f</size>
         <input_file_ref idref="fl-d4"/>
      </object_component>
      <object_component id="oc-59">
         <name>.debug_info</name>
         <load_address>0xdea4</load_address>
         <run_address>0xdea4</run_address>
         <size>0x1ad</size>
         <input_file_ref idref="fl-d4"/>
      </object_component>
      <object_component id="oc-309">
         <name>.debug_info</name>
         <load_address>0xe051</load_address>
         <run_address>0xe051</run_address>
         <size>0x119</size>
         <input_file_ref idref="fl-d5"/>
      </object_component>
      <object_component id="oc-3b">
         <name>.debug_info</name>
         <load_address>0xe16a</load_address>
         <run_address>0xe16a</run_address>
         <size>0x11d</size>
         <input_file_ref idref="fl-d6"/>
      </object_component>
      <object_component id="oc-2a5">
         <name>.debug_info</name>
         <load_address>0xe287</load_address>
         <run_address>0xe287</run_address>
         <size>0x4b7</size>
         <input_file_ref idref="fl-d8"/>
      </object_component>
      <object_component id="oc-153">
         <name>.debug_info</name>
         <load_address>0xe73e</load_address>
         <run_address>0xe73e</run_address>
         <size>0x1aa</size>
         <input_file_ref idref="fl-d8"/>
      </object_component>
      <object_component id="oc-323">
         <name>.debug_info</name>
         <load_address>0xe8e8</load_address>
         <run_address>0xe8e8</run_address>
         <size>0x39</size>
         <input_file_ref idref="fl-d8"/>
      </object_component>
      <object_component id="oc-349">
         <name>.debug_info</name>
         <load_address>0xe921</load_address>
         <run_address>0xe921</run_address>
         <size>0x39</size>
         <input_file_ref idref="fl-d8"/>
      </object_component>
      <object_component id="oc-328">
         <name>.debug_info</name>
         <load_address>0xe95a</load_address>
         <run_address>0xe95a</run_address>
         <size>0x39</size>
         <input_file_ref idref="fl-d8"/>
      </object_component>
      <object_component id="oc-32d">
         <name>.debug_info</name>
         <load_address>0xe993</load_address>
         <run_address>0xe993</run_address>
         <size>0xcd</size>
         <input_file_ref idref="fl-d8"/>
      </object_component>
      <object_component id="oc-93">
         <name>.debug_info</name>
         <load_address>0xea60</load_address>
         <run_address>0xea60</run_address>
         <size>0x157</size>
         <input_file_ref idref="fl-d9"/>
      </object_component>
      <object_component id="oc-147">
         <name>.debug_info</name>
         <load_address>0xebb7</load_address>
         <run_address>0xebb7</run_address>
         <size>0x126</size>
         <input_file_ref idref="fl-db"/>
      </object_component>
      <object_component id="oc-382">
         <name>.debug_info</name>
         <load_address>0xecdd</load_address>
         <run_address>0xecdd</run_address>
         <size>0xa1</size>
      </object_component>
      <object_component id="oc-183">
         <name>.debug_line</name>
         <load_address>0x0</load_address>
         <run_address>0x0</run_address>
         <size>0x224</size>
         <input_file_ref idref="fl-2"/>
      </object_component>
      <object_component id="oc-299">
         <name>.debug_line</name>
         <load_address>0x224</load_address>
         <run_address>0x224</run_address>
         <size>0x2d</size>
         <input_file_ref idref="fl-2"/>
      </object_component>
      <object_component id="oc-9c">
         <name>.debug_line</name>
         <load_address>0x251</load_address>
         <run_address>0x251</run_address>
         <size>0x9a</size>
         <input_file_ref idref="fl-2"/>
      </object_component>
      <object_component id="oc-70">
         <name>.debug_line</name>
         <load_address>0x2eb</load_address>
         <run_address>0x2eb</run_address>
         <size>0x6f</size>
         <input_file_ref idref="fl-2"/>
      </object_component>
      <object_component id="oc-b2">
         <name>.debug_line</name>
         <load_address>0x35a</load_address>
         <run_address>0x35a</run_address>
         <size>0x20</size>
         <input_file_ref idref="fl-2"/>
      </object_component>
      <object_component id="oc-ad">
         <name>.debug_line</name>
         <load_address>0x37a</load_address>
         <run_address>0x37a</run_address>
         <size>0x73</size>
         <input_file_ref idref="fl-2"/>
      </object_component>
      <object_component id="oc-75">
         <name>.debug_line</name>
         <load_address>0x3ed</load_address>
         <run_address>0x3ed</run_address>
         <size>0x70</size>
         <input_file_ref idref="fl-2"/>
      </object_component>
      <object_component id="oc-296">
         <name>.debug_line</name>
         <load_address>0x45d</load_address>
         <run_address>0x45d</run_address>
         <size>0x6b</size>
         <input_file_ref idref="fl-2"/>
      </object_component>
      <object_component id="oc-d6">
         <name>.debug_line</name>
         <load_address>0x4c8</load_address>
         <run_address>0x4c8</run_address>
         <size>0x61</size>
         <input_file_ref idref="fl-3"/>
      </object_component>
      <object_component id="oc-d0">
         <name>.debug_line</name>
         <load_address>0x529</load_address>
         <run_address>0x529</run_address>
         <size>0x58</size>
         <input_file_ref idref="fl-4"/>
      </object_component>
      <object_component id="oc-e3">
         <name>.debug_line</name>
         <load_address>0x581</load_address>
         <run_address>0x581</run_address>
         <size>0x59</size>
         <input_file_ref idref="fl-5"/>
      </object_component>
      <object_component id="oc-d9">
         <name>.debug_line</name>
         <load_address>0x5da</load_address>
         <run_address>0x5da</run_address>
         <size>0x53</size>
         <input_file_ref idref="fl-6"/>
      </object_component>
      <object_component id="oc-6c">
         <name>.debug_line</name>
         <load_address>0x62d</load_address>
         <run_address>0x62d</run_address>
         <size>0x41</size>
         <input_file_ref idref="fl-7"/>
      </object_component>
      <object_component id="oc-2b">
         <name>.debug_line</name>
         <load_address>0x66e</load_address>
         <run_address>0x66e</run_address>
         <size>0x41</size>
         <input_file_ref idref="fl-7"/>
      </object_component>
      <object_component id="oc-29">
         <name>.debug_line</name>
         <load_address>0x6af</load_address>
         <run_address>0x6af</run_address>
         <size>0xa1</size>
         <input_file_ref idref="fl-7"/>
      </object_component>
      <object_component id="oc-36">
         <name>.debug_line</name>
         <load_address>0x750</load_address>
         <run_address>0x750</run_address>
         <size>0x20</size>
         <input_file_ref idref="fl-7"/>
      </object_component>
      <object_component id="oc-312">
         <name>.debug_line</name>
         <load_address>0x770</load_address>
         <run_address>0x770</run_address>
         <size>0x20</size>
         <input_file_ref idref="fl-8"/>
      </object_component>
      <object_component id="oc-305">
         <name>.debug_line</name>
         <load_address>0x790</load_address>
         <run_address>0x790</run_address>
         <size>0x32</size>
         <input_file_ref idref="fl-8"/>
      </object_component>
      <object_component id="oc-310">
         <name>.debug_line</name>
         <load_address>0x7c2</load_address>
         <run_address>0x7c2</run_address>
         <size>0x32</size>
         <input_file_ref idref="fl-8"/>
      </object_component>
      <object_component id="oc-307">
         <name>.debug_line</name>
         <load_address>0x7f4</load_address>
         <run_address>0x7f4</run_address>
         <size>0x32</size>
         <input_file_ref idref="fl-8"/>
      </object_component>
      <object_component id="oc-303">
         <name>.debug_line</name>
         <load_address>0x826</load_address>
         <run_address>0x826</run_address>
         <size>0x32</size>
         <input_file_ref idref="fl-8"/>
      </object_component>
      <object_component id="oc-135">
         <name>.debug_line</name>
         <load_address>0x858</load_address>
         <run_address>0x858</run_address>
         <size>0x283</size>
         <input_file_ref idref="fl-8"/>
      </object_component>
      <object_component id="oc-2fc">
         <name>.debug_line</name>
         <load_address>0xadb</load_address>
         <run_address>0xadb</run_address>
         <size>0xde</size>
         <input_file_ref idref="fl-e"/>
      </object_component>
      <object_component id="oc-1fb">
         <name>.debug_line</name>
         <load_address>0xbb9</load_address>
         <run_address>0xbb9</run_address>
         <size>0xa7</size>
         <input_file_ref idref="fl-e"/>
      </object_component>
      <object_component id="oc-201">
         <name>.debug_line</name>
         <load_address>0xc60</load_address>
         <run_address>0xc60</run_address>
         <size>0x91</size>
         <input_file_ref idref="fl-e"/>
      </object_component>
      <object_component id="oc-116">
         <name>.debug_line</name>
         <load_address>0xcf1</load_address>
         <run_address>0xcf1</run_address>
         <size>0x9c</size>
         <input_file_ref idref="fl-e"/>
      </object_component>
      <object_component id="oc-1f5">
         <name>.debug_line</name>
         <load_address>0xd8d</load_address>
         <run_address>0xd8d</run_address>
         <size>0xa4</size>
         <input_file_ref idref="fl-e"/>
      </object_component>
      <object_component id="oc-258">
         <name>.debug_line</name>
         <load_address>0xe31</load_address>
         <run_address>0xe31</run_address>
         <size>0xa2</size>
         <input_file_ref idref="fl-e"/>
      </object_component>
      <object_component id="oc-e6">
         <name>.debug_line</name>
         <load_address>0xed3</load_address>
         <run_address>0xed3</run_address>
         <size>0x98</size>
         <input_file_ref idref="fl-e"/>
      </object_component>
      <object_component id="oc-207">
         <name>.debug_line</name>
         <load_address>0xf6b</load_address>
         <run_address>0xf6b</run_address>
         <size>0x92</size>
         <input_file_ref idref="fl-e"/>
      </object_component>
      <object_component id="oc-110">
         <name>.debug_line</name>
         <load_address>0xffd</load_address>
         <run_address>0xffd</run_address>
         <size>0x91</size>
         <input_file_ref idref="fl-e"/>
      </object_component>
      <object_component id="oc-189">
         <name>.debug_line</name>
         <load_address>0x108e</load_address>
         <run_address>0x108e</run_address>
         <size>0x69</size>
         <input_file_ref idref="fl-e"/>
      </object_component>
      <object_component id="oc-337">
         <name>.debug_line</name>
         <load_address>0x10f7</load_address>
         <run_address>0x10f7</run_address>
         <size>0x82</size>
         <input_file_ref idref="fl-f"/>
      </object_component>
      <object_component id="oc-335">
         <name>.debug_line</name>
         <load_address>0x1179</load_address>
         <run_address>0x1179</run_address>
         <size>0x7d</size>
         <input_file_ref idref="fl-f"/>
      </object_component>
      <object_component id="oc-2cd">
         <name>.debug_line</name>
         <load_address>0x11f6</load_address>
         <run_address>0x11f6</run_address>
         <size>0x95</size>
         <input_file_ref idref="fl-f"/>
      </object_component>
      <object_component id="oc-1f1">
         <name>.debug_line</name>
         <load_address>0x128b</load_address>
         <run_address>0x128b</run_address>
         <size>0xd1</size>
         <input_file_ref idref="fl-f"/>
      </object_component>
      <object_component id="oc-210">
         <name>.debug_line</name>
         <load_address>0x135c</load_address>
         <run_address>0x135c</run_address>
         <size>0x93</size>
         <input_file_ref idref="fl-f"/>
      </object_component>
      <object_component id="oc-223">
         <name>.debug_line</name>
         <load_address>0x13ef</load_address>
         <run_address>0x13ef</run_address>
         <size>0x93</size>
         <input_file_ref idref="fl-f"/>
      </object_component>
      <object_component id="oc-1a8">
         <name>.debug_line</name>
         <load_address>0x1482</load_address>
         <run_address>0x1482</run_address>
         <size>0x93</size>
         <input_file_ref idref="fl-f"/>
      </object_component>
      <object_component id="oc-1ec">
         <name>.debug_line</name>
         <load_address>0x1515</load_address>
         <run_address>0x1515</run_address>
         <size>0x93</size>
         <input_file_ref idref="fl-f"/>
      </object_component>
      <object_component id="oc-1a2">
         <name>.debug_line</name>
         <load_address>0x15a8</load_address>
         <run_address>0x15a8</run_address>
         <size>0xa7</size>
         <input_file_ref idref="fl-f"/>
      </object_component>
      <object_component id="oc-342">
         <name>.debug_line</name>
         <load_address>0x164f</load_address>
         <run_address>0x164f</run_address>
         <size>0x7c</size>
         <input_file_ref idref="fl-10"/>
      </object_component>
      <object_component id="oc-344">
         <name>.debug_line</name>
         <load_address>0x16cb</load_address>
         <run_address>0x16cb</run_address>
         <size>0x82</size>
         <input_file_ref idref="fl-10"/>
      </object_component>
      <object_component id="oc-340">
         <name>.debug_line</name>
         <load_address>0x174d</load_address>
         <run_address>0x174d</run_address>
         <size>0x82</size>
         <input_file_ref idref="fl-10"/>
      </object_component>
      <object_component id="oc-261">
         <name>.debug_line</name>
         <load_address>0x17cf</load_address>
         <run_address>0x17cf</run_address>
         <size>0xaf</size>
         <input_file_ref idref="fl-10"/>
      </object_component>
      <object_component id="oc-267">
         <name>.debug_line</name>
         <load_address>0x187e</load_address>
         <run_address>0x187e</run_address>
         <size>0xc2</size>
         <input_file_ref idref="fl-10"/>
      </object_component>
      <object_component id="oc-301">
         <name>.debug_line</name>
         <load_address>0x1940</load_address>
         <run_address>0x1940</run_address>
         <size>0x82</size>
         <input_file_ref idref="fl-11"/>
      </object_component>
      <object_component id="oc-132">
         <name>.debug_line</name>
         <load_address>0x19c2</load_address>
         <run_address>0x19c2</run_address>
         <size>0x9e</size>
         <input_file_ref idref="fl-11"/>
      </object_component>
      <object_component id="oc-1bd">
         <name>.debug_line</name>
         <load_address>0x1a60</load_address>
         <run_address>0x1a60</run_address>
         <size>0x95</size>
         <input_file_ref idref="fl-11"/>
      </object_component>
      <object_component id="oc-1b4">
         <name>.debug_line</name>
         <load_address>0x1af5</load_address>
         <run_address>0x1af5</run_address>
         <size>0x96</size>
         <input_file_ref idref="fl-11"/>
      </object_component>
      <object_component id="oc-1ba">
         <name>.debug_line</name>
         <load_address>0x1b8b</load_address>
         <run_address>0x1b8b</run_address>
         <size>0x91</size>
         <input_file_ref idref="fl-11"/>
      </object_component>
      <object_component id="oc-1ae">
         <name>.debug_line</name>
         <load_address>0x1c1c</load_address>
         <run_address>0x1c1c</run_address>
         <size>0x9b</size>
         <input_file_ref idref="fl-11"/>
      </object_component>
      <object_component id="oc-2ff">
         <name>.debug_line</name>
         <load_address>0x1cb7</load_address>
         <run_address>0x1cb7</run_address>
         <size>0x82</size>
         <input_file_ref idref="fl-12"/>
      </object_component>
      <object_component id="oc-101">
         <name>.debug_line</name>
         <load_address>0x1d39</load_address>
         <run_address>0x1d39</run_address>
         <size>0x91</size>
         <input_file_ref idref="fl-12"/>
      </object_component>
      <object_component id="oc-24e">
         <name>.debug_line</name>
         <load_address>0x1dca</load_address>
         <run_address>0x1dca</run_address>
         <size>0x91</size>
         <input_file_ref idref="fl-12"/>
      </object_component>
      <object_component id="oc-241">
         <name>.debug_line</name>
         <load_address>0x1e5b</load_address>
         <run_address>0x1e5b</run_address>
         <size>0x91</size>
         <input_file_ref idref="fl-12"/>
      </object_component>
      <object_component id="oc-247">
         <name>.debug_line</name>
         <load_address>0x1eec</load_address>
         <run_address>0x1eec</run_address>
         <size>0x92</size>
         <input_file_ref idref="fl-12"/>
      </object_component>
      <object_component id="oc-107">
         <name>.debug_line</name>
         <load_address>0x1f7e</load_address>
         <run_address>0x1f7e</run_address>
         <size>0x91</size>
         <input_file_ref idref="fl-12"/>
      </object_component>
      <object_component id="oc-270">
         <name>.debug_line</name>
         <load_address>0x200f</load_address>
         <run_address>0x200f</run_address>
         <size>0xa9</size>
         <input_file_ref idref="fl-12"/>
      </object_component>
      <object_component id="oc-f4">
         <name>.debug_line</name>
         <load_address>0x20b8</load_address>
         <run_address>0x20b8</run_address>
         <size>0x91</size>
         <input_file_ref idref="fl-12"/>
      </object_component>
      <object_component id="oc-ee">
         <name>.debug_line</name>
         <load_address>0x2149</load_address>
         <run_address>0x2149</run_address>
         <size>0x98</size>
         <input_file_ref idref="fl-12"/>
      </object_component>
      <object_component id="oc-254">
         <name>.debug_line</name>
         <load_address>0x21e1</load_address>
         <run_address>0x21e1</run_address>
         <size>0x91</size>
         <input_file_ref idref="fl-12"/>
      </object_component>
      <object_component id="oc-230">
         <name>.debug_line</name>
         <load_address>0x2272</load_address>
         <run_address>0x2272</run_address>
         <size>0x91</size>
         <input_file_ref idref="fl-12"/>
      </object_component>
      <object_component id="oc-fa">
         <name>.debug_line</name>
         <load_address>0x2303</load_address>
[...]
               <size>0x29</size>
               <logical_group_ref idref="lg-a"/>
            </allocated_space>
            <available_space>
               <start_address>0x20000499</start_address>
               <size>0x3</size>
            </available_space>
            <allocated_space>
               <start_address>0x2000049c</start_address>
               <size>0x16</size>
               <logical_group_ref idref="lg-b"/>
            </allocated_space>
            <available_space>
               <start_address>0x200004b2</start_address>
               <size>0x7b4e</size>
            </available_space>
         </usage_details>
      </memory_area>
   </placement_map>
   <cptbl_list>
      <cptbl>
         <name>__TI_cinit_table</name>
         <cprec>
            <name>.data</name>
            <load_address>0x19d8</load_address>
            <load_size>0x1a</load_size>
            <run_address>0x20000470</run_address>
            <run_size>0x29</run_size>
            <compression>lzss</compression>
         </cprec>
         <cprec>
            <name>.bss</name>
            <load_address>0x1a00</load_address>
            <load_size>0x8</load_size>
            <run_address>0x2000049c</run_address>
            <run_size>0x16</run_size>
            <compression>zero_init</compression>
         </cprec>
         <cprec>
            <name>.vtable</name>
            <load_address>0x1a08</load_address>
            <load_size>0x8</load_size>
            <run_address>0x20000000</run_address>
            <run_size>0x26c</run_size>
            <compression>zero_init</compression>
         </cprec>
      </cptbl>
   </cptbl_list>
   <handler_table>
      <handler_table_name>__TI_handler_table</handler_table_name>
      <handler>
         <index>0x0</index>
         <name>__TI_zero_init</name>
      </handler>
      <handler>
         <index>0x1</index>
         <name>__TI_decompress_lzss</name>
      </handler>
      <handler>
         <index>0x2</index>
         <name>__TI_decompress_none</name>
      </handler>
   </handler_table>
   <symbol_table>
      <symbol id="sm-1">
         <name>__STACK_TOP</name>
         <value>0x20000470</value>
      </symbol>
      <symbol id="sm-2">
         <name>__TI_CINIT_Base</name>
         <value>0x1a10</value>
      </symbol>
      <symbol id="sm-3">
         <name>__TI_CINIT_Limit</name>
         <value>0x1a28</value>
      </symbol>
      <symbol id="sm-4">
         <name>__TI_Handler_Table_Base</name>
         <value>0x19f4</value>
      </symbol>
      <symbol id="sm-5">
         <name>__TI_Handler_Table_Limit</name>
         <value>0x1a00</value>
      </symbol>
      <symbol id="sm-6">
         <name>binit</name>
         <value>0xffffffff</value>
      </symbol>
      <symbol id="sm-7">
         <name>__binit__</name>
         <value>0xffffffff</value>
      </symbol>
      <symbol id="sm-8">
         <name>__STACK_SIZE</name>
         <value>0x200</value>
      </symbol>
      <symbol id="sm-9">
         <name>__STACK_END</name>
         <value>0x20000470</value>
      </symbol>
      <symbol id="sm-a">
         <name>__c_args__</name>
         <value>0xffffffff</value>
      </symbol>
      <symbol id="sm-b">
         <name>__TI_pprof_out_hndl</name>
         <value>0xffffffff</value>
      </symbol>
      <symbol id="sm-c">
         <name>__TI_prof_data_start</name>
         <value>0xffffffff</value>
      </symbol>
      <symbol id="sm-d">
         <name>__TI_prof_data_size</name>
         <value>0xffffffff</value>
      </symbol>
      <symbol id="sm-70">
         <name>samples_adc</name>
         <value>0x200004a8</value>
      </symbol>
      <symbol id="sm-71">
         <name>speed</name>
         <value>0x200004ac</value>
      </symbol>
      <symbol id="sm-72">
         <name>enco_Vel</name>
         <value>0x200004a4</value>
      </symbol>
      <symbol id="sm-73">
         <name>enco_Pos</name>
         <value>0x200004a0</value>
      </symbol>
      <symbol id="sm-74">
         <name>enco_Dir</name>
         <value>0x2000049c</value>
      </symbol>
      <symbol id="sm-75">
         <name>enco_Vel_Rpm</name>
         <value>0x200004b0</value>
      </symbol>
      <symbol id="sm-76">
         <name>e_k_1</name>
         <value>0x20000480</value>
         <object_component_ref idref="oc-13e"/>
      </symbol>
      <symbol id="sm-77">
         <name>e_k</name>
         <value>0x20000488</value>
         <object_component_ref idref="oc-13e"/>
      </symbol>
      <symbol id="sm-78">
         <name>e_D</name>
         <value>0x2000048c</value>
         <object_component_ref idref="oc-13e"/>
      </symbol>
      <symbol id="sm-79">
         <name>int_handler_qei0</name>
         <value>0x777</value>
         <object_component_ref idref="oc-98"/>
      </symbol>
      <symbol id="sm-7a">
         <name>K_i</name>
         <value>0x20000474</value>
         <object_component_ref idref="oc-13e"/>
      </symbol>
      <symbol id="sm-7b">
         <name>K_P</name>
         <value>0x2000047c</value>
         <object_component_ref idref="oc-13e"/>
      </symbol>
      <symbol id="sm-7c">
         <name>K_D</name>
         <value>0x20000478</value>
         <object_component_ref idref="oc-13e"/>
      </symbol>
      <symbol id="sm-7d">
         <name>main</name>
         <value>0x749</value>
         <object_component_ref idref="oc-98"/>
      </symbol>
      <symbol id="sm-7e">
         <name>u_k</name>
         <value>0x20000490</value>
         <object_component_ref idref="oc-13e"/>
      </symbol>
      <symbol id="sm-7f">
         <name>count</name>
         <value>0x20000470</value>
         <object_component_ref idref="oc-13e"/>
      </symbol>
      <symbol id="sm-80">
         <name>adc_read</name>
         <value>0x7c1</value>
         <object_component_ref idref="oc-98"/>
      </symbol>
      <symbol id="sm-81">
         <name>E_k</name>
         <value>0x20000484</value>
         <object_component_ref idref="oc-13e"/>
      </symbol>
      <symbol id="sm-94">
         <name>init_adc</name>
         <value>0xe05</value>
         <object_component_ref idref="oc-d2"/>
      </symbol>
      <symbol id="sm-a6">
         <name>init_pwm</name>
         <value>0xfed</value>
         <object_component_ref idref="oc-cc"/>
      </symbol>
      <symbol id="sm-b8">
         <name>init_qei0</name>
         <value>0xf5d</value>
         <object_component_ref idref="oc-de"/>
      </symbol>
      <symbol id="sm-c7">
         <name>init_uart</name>
         <value>0x1221</value>
         <object_component_ref idref="oc-d8"/>
      </symbol>
      <symbol id="sm-e8">
         <name>ResetISR</name>
         <value>0x17b9</value>
         <object_component_ref idref="oc-24"/>
      </symbol>
      <symbol id="sm-e9">
         <name>g_pfnVectors</name>
         <value>0x0</value>
         <object_component_ref idref="oc-f"/>
      </symbol>
      <symbol id="sm-15a">
         <name>UARTgetc</name>
         <value>0x3e5</value>
         <object_component_ref idref="oc-134"/>
      </symbol>
      <symbol id="sm-15b">
         <name>UARTgets</name>
         <value>0x31f</value>
         <object_component_ref idref="oc-134"/>
      </symbol>
      <symbol id="sm-15c">
         <name>UARTStdioConfig</name>
         <value>0x26d</value>
         <object_component_ref idref="oc-134"/>
      </symbol>
      <symbol id="sm-15d">
         <name>UARTwrite</name>
         <value>0x2cd</value>
         <object_component_ref idref="oc-134"/>
      </symbol>
      <symbol id="sm-15e">
         <name>UARTprintf</name>
         <value>0x713</value>
         <object_component_ref idref="oc-134"/>
      </symbol>
      <symbol id="sm-15f">
         <name>UARTvprintf</name>
         <value>0x419</value>
         <object_component_ref idref="oc-134"/>
      </symbol>
      <symbol id="sm-1bb">
         <name>ADCSequenceEnable</name>
         <value>0x1767</value>
         <object_component_ref idref="oc-1ff"/>
      </symbol>
      <symbol id="sm-1bc">
         <name>ADCSequenceConfigure</name>
         <value>0x12d5</value>
         <object_component_ref idref="oc-1f3"/>
      </symbol>
      <symbol id="sm-1bd">
         <name>ADCIntEnable</name>
         <value>0x1737</value>
         <object_component_ref idref="oc-205"/>
      </symbol>
      <symbol id="sm-1be">
         <name>ADCSequenceStepConfigure</name>
         <value>0x1075</value>
         <object_component_ref idref="oc-1f9"/>
      </symbol>
      <symbol id="sm-1bf">
         <name>ADCIntClear</name>
         <value>0x17c5</value>
         <object_component_ref idref="oc-10e"/>
      </symbol>
      <symbol id="sm-1c0">
         <name>ADCIntRegister</name>
         <value>0x1661</value>
         <object_component_ref idref="oc-e4"/>
      </symbol>
      <symbol id="sm-1c1">
         <name>ADCSequenceDataGet</name>
         <value>0x1625</value>
         <object_component_ref idref="oc-114"/>
      </symbol>
      <symbol id="sm-20b">
         <name>GPIOPinTypePWM</name>
         <value>0x16cb</value>
         <object_component_ref idref="oc-1a4"/>
      </symbol>
      <symbol id="sm-20c">
         <name>GPIOPinConfigure</name>
         <value>0x1375</value>
         <object_component_ref idref="oc-19e"/>
      </symbol>
      <symbol id="sm-20d">
         <name>GPIOPinTypeADC</name>
         <value>0x16b9</value>
         <object_component_ref idref="oc-1e7"/>
      </symbol>
      <symbol id="sm-20e">
         <name>GPIOPinTypeUART</name>
         <value>0x16ef</value>
         <object_component_ref idref="oc-20c"/>
      </symbol>
      <symbol id="sm-20f">
         <name>GPIODirModeSet</name>
         <value>0x15d9</value>
         <object_component_ref idref="oc-2c9"/>
      </symbol>
      <symbol id="sm-210">
         <name>GPIOPinTypeQEI</name>
         <value>0x16dd</value>
         <object_component_ref idref="oc-21f"/>
      </symbol>
      <symbol id="sm-211">
         <name>GPIOPadConfigSet</name>
         <value>0x9d3</value>
         <object_component_ref idref="oc-1ed"/>
      </symbol>
      <symbol id="sm-24a">
         <name>IntEnable</name>
         <value>0x10f1</value>
         <object_component_ref idref="oc-262"/>
      </symbol>
      <symbol id="sm-24b">
         <name>IntRegister</name>
         <value>0x153d</value>
         <object_component_ref idref="oc-25c"/>
      </symbol>
      <symbol id="sm-24c">
         <name>g_pfnRAMVectors</name>
         <value>0x20000000</value>
         <object_component_ref idref="oc-2f2"/>
      </symbol>
      <symbol id="sm-279">
         <name>PWMGenPeriodSet</name>
         <value>0x1747</value>
         <object_component_ref idref="oc-1b0"/>
      </symbol>
      <symbol id="sm-27a">
         <name>PWMPulseWidthSet</name>
         <value>0x1643</value>
         <object_component_ref idref="oc-12e"/>
      </symbol>
      <symbol id="sm-27b">
         <name>PWMOutputState</name>
         <value>0x1701</value>
         <object_component_ref idref="oc-1bc"/>
      </symbol>
      <symbol id="sm-27c">
         <name>PWMGenEnable</name>
         <value>0x17ad</value>
         <object_component_ref idref="oc-1b6"/>
      </symbol>
      <symbol id="sm-27d">
         <name>PWMGenConfigure</name>
         <value>0x1603</value>
         <object_component_ref idref="oc-1aa"/>
      </symbol>
      <symbol id="sm-304">
         <name>QEIDirectionGet</name>
         <value>0x1783</value>
         <object_component_ref idref="oc-108"/>
      </symbol>
      <symbol id="sm-305">
         <name>QEIPositionGet</name>
         <value>0x182d</value>
         <object_component_ref idref="oc-102"/>
      </symbol>
      <symbol id="sm-306">
         <name>QEIVelocityGet</name>
         <value>0x1831</value>
         <object_component_ref idref="oc-fc"/>
      </symbol>
      <symbol id="sm-307">
         <name>QEIIntEnable</name>
         <value>0x180b</value>
         <object_component_ref idref="oc-24f"/>
      </symbol>
      <symbol id="sm-308">
         <name>QEIVelocityConfigure</name>
         <value>0x1757</value>
         <object_component_ref idref="oc-243"/>
      </symbol>
      <symbol id="sm-309">
         <name>QEIIntDisable</name>
         <value>0x17e3</value>
         <object_component_ref idref="oc-22b"/>
      </symbol>
      <symbol id="sm-30a">
         <name>QEIDisable</name>
         <value>0x17cf</value>
         <object_component_ref idref="oc-225"/>
      </symbol>
      <symbol id="sm-30b">
         <name>QEIVelocityDisable</name>
         <value>0x17f7</value>
         <object_component_ref idref="oc-23d"/>
      </symbol>
      <symbol id="sm-30c">
         <name>QEIIntStatus</name>
         <value>0x17ed</value>
         <object_component_ref idref="oc-f0"/>
      </symbol>
      <symbol id="sm-30d">
         <name>QEIEnable</name>
         <value>0x17d9</value>
         <object_component_ref idref="oc-237"/>
      </symbol>
      <symbol id="sm-30e">
         <name>QEIIntClear</name>
         <value>0x1829</value>
         <object_component_ref idref="oc-f6"/>
      </symbol>
      <symbol id="sm-30f">
         <name>QEIIntRegister</name>
         <value>0x1679</value>
         <object_component_ref idref="oc-ea"/>
      </symbol>
      <symbol id="sm-310">
         <name>QEIVelocityEnable</name>
         <value>0x1801</value>
         <object_component_ref idref="oc-249"/>
      </symbol>
      <symbol id="sm-311">
         <name>QEIConfigure</name>
         <value>0x1775</value>
         <object_component_ref idref="oc-231"/>
      </symbol>
      <symbol id="sm-378">
         <name>SysCtlClockSet</name>
         <value>0xd11</value>
         <object_component_ref idref="oc-c6"/>
      </symbol>
      <symbol id="sm-379">
         <name>SysCtlDelay</name>
         <value>0x1823</value>
         <object_component_ref idref="oc-184"/>
      </symbol>
      <symbol id="sm-37a">
         <name>SysCtlPeripheralEnable</name>
         <value>0x1571</value>
         <object_component_ref idref="oc-192"/>
      </symbol>
      <symbol id="sm-37b">
         <name>SysCtlClockGet</name>
         <value>0xb05</value>
         <object_component_ref idref="oc-1c9"/>
      </symbol>
      <symbol id="sm-37c">
         <name>SysCtlPWMClockSet</name>
         <value>0x1691</value>
         <object_component_ref idref="oc-18c"/>
      </symbol>
      <symbol id="sm-37d">
         <name>SysCtlPeripheralReady</name>
         <value>0x14cd</value>
         <object_component_ref idref="oc-198"/>
      </symbol>
      <symbol id="sm-3b8">
         <name>TimerLoadSet</name>
         <value>0x1713</value>
         <object_component_ref idref="oc-1cf"/>
      </symbol>
      <symbol id="sm-3b9">
         <name>TimerEnable</name>
         <value>0x1791</value>
         <object_component_ref idref="oc-1e1"/>
      </symbol>
      <symbol id="sm-3ba">
         <name>TimerControlTrigger</name>
         <value>0x127d</value>
         <object_component_ref idref="oc-1d5"/>
      </symbol>
      <symbol id="sm-3bb">
         <name>TimerIntEnable</name>
         <value>0x1813</value>
         <object_component_ref idref="oc-1db"/>
      </symbol>
      <symbol id="sm-3bc">
         <name>TimerConfigure</name>
         <value>0x11c1</value>
         <object_component_ref idref="oc-1c3"/>
      </symbol>
      <symbol id="sm-3d1">
         <name>UARTIntEnable</name>
         <value>0x181b</value>
         <object_component_ref idref="oc-212"/>
      </symbol>
      <symbol id="sm-3d2">
         <name>UARTEnable</name>
         <value>0x16a5</value>
         <object_component_ref idref="oc-218"/>
      </symbol>
      <symbol id="sm-3e7">
         <name>__aeabi_ddiv</name>
         <value>0x89d</value>
         <object_component_ref idref="oc-124"/>
      </symbol>
      <symbol id="sm-3f2">
         <name>__aeabi_dmul</name>
         <value>0xc15</value>
         <object_component_ref idref="oc-11f"/>
      </symbol>
      <symbol id="sm-3fc">
         <name>__aeabi_d2uiz</name>
         <value>0x1449</value>
         <object_component_ref idref="oc-129"/>
      </symbol>
      <symbol id="sm-407">
         <name>__aeabi_f2d</name>
         <value>0x1505</value>
         <object_component_ref idref="oc-11a"/>
      </symbol>
      <symbol id="sm-416">
         <name>__aeabi_uidivmod</name>
         <value>0x148d</value>
         <object_component_ref idref="oc-289"/>
      </symbol>
      <symbol id="sm-417">
         <name>__aeabi_uidiv</name>
         <value>0x148d</value>
         <object_component_ref idref="oc-289"/>
      </symbol>
      <symbol id="sm-430">
         <name>__TI_zero_init_nomemset</name>
         <value>0x1725</value>
         <object_component_ref idref="oc-44"/>
      </symbol>
      <symbol id="sm-447">
         <name>__TI_decompress_none</name>
         <value>0x179f</value>
         <object_component_ref idref="oc-18"/>
      </symbol>
      <symbol id="sm-46a">
         <name>__TI_decompress_lzss</name>
         <value>0x1159</value>
         <object_component_ref idref="oc-12"/>
      </symbol>
      <symbol id="sm-47d">
         <name>__stack</name>
         <value>0x20000270</value>
         <object_component_ref idref="oc-21"/>
      </symbol>
      <symbol id="sm-47e">
         <name>_c_int00_noargs</name>
         <value>0x15a5</value>
         <object_component_ref idref="oc-56"/>
      </symbol>
      <symbol id="sm-488">
         <name>__aeabi_idiv0</name>
         <value>0x10ef</value>
         <object_component_ref idref="oc-308"/>
      </symbol>
      <symbol id="sm-489">
         <name>__aeabi_ldiv0</name>
         <value>0x10ef</value>
         <object_component_ref idref="oc-308"/>
      </symbol>
      <symbol id="sm-4a4">
         <name>memcpy</name>
         <value>0xec1</value>
         <object_component_ref idref="oc-38"/>
      </symbol>
      <symbol id="sm-4a5">
         <name>__aeabi_memcpy</name>
         <value>0xec1</value>
         <object_component_ref idref="oc-38"/>
      </symbol>
      <symbol id="sm-4a6">
         <name>__aeabi_memcpy8</name>
         <value>0xec1</value>
         <object_component_ref idref="oc-38"/>
      </symbol>
      <symbol id="sm-4a7">
         <name>__aeabi_memcpy4</name>
         <value>0xec1</value>
         <object_component_ref idref="oc-38"/>
      </symbol>
      <symbol id="sm-4d0">
         <name>__TI_auto_init_nobinit_nopinit</name>
         <value>0x1405</value>
         <object_component_ref idref="oc-150"/>
      </symbol>
      <symbol id="sm-4da">
         <name>_system_pre_init</name>
         <value>0x1835</value>
         <object_component_ref idref="oc-92"/>
      </symbol>
      <symbol id="sm-4e6">
         <name>C$$EXIT</name>
         <value>0x1839</value>
         <object_component_ref idref="oc-144"/>
      </symbol>
      <symbol id="sm-4e7">
         <name>abort</name>
         <value>0x1839</value>
         <object_component_ref idref="oc-144"/>
      </symbol>
      <symbol id="sm-4ea">
         <name>__TI_static_base__</name>
         <value>0x0</value>
      </symbol>
      <symbol id="sm-4ed">
         <name>__mpu_init</name>
         <value>0x0</value>
      </symbol>
      <symbol id="sm-4ee">
         <name>_system_post_cinit</name>
         <value>0x0</value>
      </symbol>
   </symbol_table>
   <title>Link successful</title>
</link_info>
